⚠ Attempted to load @next/swc-win32-x64-msvc, but an error occurred: \\?\C:\Users\saksh\OneDrive\Desktop\monopoly-\frontend\node_modules\@next\swc-win32-x64-msvc\next-swc.win32-x64-msvc.node is not a valid Win32 application.
\\?\C:\Users\saksh\OneDrive\Desktop\monopoly-\frontend\node_modules\@next\swc-win32-x64-msvc\next-swc.win32-x64-msvc.node
⚠ Warning: Next.js inferred your workspace root, but it may not be correct.
 We detected multiple lockfiles and selected the directory of C:\Users\saksh\OneDrive\Desktop\monopoly-\package-lock.json as the root directory.
 To silence this warning, set `outputFileTracingRoot` in your Next.js config, or consider removing one of the lockfiles if it's not needed.
   See https://nextjs.org/docs/app/api-reference/config/next-config-js/output#caveats for more information.
 Detected additional lockfiles: 
   * C:\Users\saksh\OneDrive\Desktop\monopoly-\frontend\package-lock.json

[browser] THREE.Clock: This module has been deprecated. Please use THREE.Timer instead.
[browser] THREE.WebGLShadowMap: PCFSoftShadowMap has been deprecated. Using PCFShadowMap instead.
[browser] THREE.Clock: This module has been deprecated. Please use THREE.Timer instead.
[browser] THREE.WebGLShadowMap: PCFSoftShadowMap has been deprecated. Using PCFShadowMap instead.
[browser] THREE.Clock: This module has been deprecated. Please use THREE.Timer instead.
[browser] THREE.WebGLShadowMap: PCFSoftShadowMap has been deprecated. Using PCFShadowMap instead.
[browser] THREE.WebGLShadowMap: PCFSoftShadowMap has been deprecated. Using PCFShadowMap instead.
[browser] THREE.WebGLShadowMap: PCFSoftShadowMap has been deprecated. Using PCFShadowMap instead.
[browser] THREE.WebGLShadowMap: PCFSoftShadowMap has been deprecated. Using PCFShadowMap instead.
[browser] THREE.Clock: This module has been deprecated. Please use THREE.Timer instead.
[browser] THREE.WebGLShadowMap: PCFSoftShadowMap has been deprecated. Using PCFShadowMap instead.
[browser] THREE.WebGLShadowMap: PCFSoftShadowMap has been deprecated. Using PCFShadowMap instead.
[browser] THREE.WebGLShadowMap: PCFSoftShadowMap has been deprecated. Using PCFShadowMap instead.
[browser] THREE.WebGLShadowMap: PCFSoftShadowMap has been deprecated. Using PCFShadowMap instead.
[browser] THREE.Clock: This module has been deprecated. Please use THREE.Timer instead.
[browser] THREE.WebGLShadowMap: PCFSoftShadowMap has been deprecated. Using PCFShadowMap instead.
[browser] THREE.WebGLShadowMap: PCFSoftShadowMap has been deprecated. Using PCFShadowMap instead.
[browser] THREE.WebGLShadowMap: PCFSoftShadowMap has been deprecated. Using PCFShadowMap instead.
[browser] THREE.Clock: This module has been deprecated. Please use THREE.Timer instead.
[browser] THREE.WebGLShadowMap: PCFSoftShadowMap has been deprecated. Using PCFShadowMap instead.
[browser] THREE.WebGLShadowMap: PCFSoftShadowMap has been deprecated. Using PCFShadowMap instead.
[browser] THREE.WebGLShadowMap: PCFSoftShadowMap has been deprecated. Using PCFShadowMap instead.
[browser] THREE.WebGLShadowMap: PCFSoftShadowMap has been deprecated. Using PCFShadowMap instead.
[browser] THREE.WebGLShadowMap: PCFSoftShadowMap has been deprecated. Using PCFShadowMap instead.
[browser] THREE.WebGLShadowMap: PCFSoftShadowMap has been deprecated. Using PCFShadowMap instead.
[browser] THREE.Clock: This module has been deprecated. Please use THREE.Timer instead.
[browser] THREE.WebGLShadowMap: PCFSoftShadowMap has been deprecated. Using PCFShadowMap instead.
[browser] THREE.WebGLShadowMap: PCFSoftShadowMap has been deprecated. Using PCFShadowMap instead.
[browser] THREE.WebGLShadowMap: PCFSoftShadowMap has been deprecated. Using PCFShadowMap instead.
[browser] THREE.WebGLShadowMap: PCFSoftShadowMap has been deprecated. Using PCFShadowMap instead.
[browser] THREE.Clock: This module has been deprecated. Please use THREE.Timer instead.
[browser] THREE.WebGLShadowMap: PCFSoftShadowMap has been deprecated. Using PCFShadowMap instead.
[browser] THREE.WebGLShadowMap: PCFSoftShadowMap has been deprecated. Using PCFShadowMap instead.
[browser] THREE.WebGLShadowMap: PCFSoftShadowMap has been deprecated. Using PCFShadowMap instead.
[browser] THREE.WebGLShadowMap: PCFSoftShadowMap has been deprecated. Using PCFShadowMap instead.
[browser] THREE.WebGLShadowMap: PCFSoftShadowMap has been deprecated. Using PCFShadowMap instead.
[browser] THREE.WebGLShadowMap: PCFSoftShadowMap has been deprecated. Using PCFShadowMap instead.
[browser] THREE.Clock: This module has been deprecated. Please use THREE.Timer instead.
[browser] THREE.WebGLShadowMap: PCFSoftShadowMap has been deprecated. Using PCFShadowMap instead.
[browser] THREE.WebGLShadowMap: PCFSoftShadowMap has been deprecated. Using PCFShadowMap instead.
[browser] THREE.WebGLShadowMap: PCFSoftShadowMap has been deprecated. Using PCFShadowMap instead.
[browser] THREE.WebGLShadowMap: PCFSoftShadowMap has been deprecated. Using PCFShadowMap instead.
[browser] THREE.WebGLShadowMap: PCFSoftShadowMap has been deprecated. Using PCFShadowMap instead.
[browser] THREE.WebGLShadowMap: PCFSoftShadowMap has been deprecated. Using PCFShadowMap instead.
[browser] A tree hydrated but some attributes of the server rendered HTML didn't match the client properties. This won't be patched up. This can happen if a SSR-ed Client Component used:

- A server/client branch `if (typeof window !== 'undefined')`.
- Variable input such as `Date.now()` or `Math.random()` which changes each time it's called.
- Date formatting in a user's locale which doesn't match the server.
- External changing data without sending a snapshot of it along with the HTML.
- Invalid HTML tag nesting.

It can also happen if the client has a browser extension installed which messes with the HTML before React loaded.

https://react.dev/link/hydration-mismatch

  ...
    <LoadingBoundary name="/" loading={null}>
      <HTTPAccessFallbackBoundary notFound={{...}} forbidden={undefined} unauthorized={undefined}>
        <HTTPAccessFallbackErrorBoundary pathname="/" notFound={{...}} forbidden={undefined} unauthorized={undefined} ...>
          <RedirectBoundary>
            <RedirectErrorBoundary router={{...}}>
              <InnerLayoutRouter url="/" tree={[...]} params={{}} cacheNode={{rsc:{...}, ...}} segmentPath={[...]} ...>
                <SegmentViewNode type="page" pagePath="page.tsx">
                  <SegmentTrieNode>
                  <ClientPageRoot Component={function GameBoard} serverProvidedParams={{...}}>
                    <GameBoard params={Promise} searchParams={Promise}>
                      <main className="jsx-aaaec7...">
                        <JSXStyle>
                        <div className="jsx-aaaec7...">
                          <div className="jsx-aaaec7...">
                            <h1>
                            <p>
                            <div>
                            <button>
                            <div>
                            <form onSubmit={function handleJoinRoom} className="jsx-aaaec7...">
                              <input
                                value=""
                                onChange={function onChange}
                                placeholder="ROOM CODE"
                                maxLength={6}
                                className="jsx-aaaec773f88e83a3 min-w-0 flex-1 rounded-[1vmin] border-[0.2vmin] border..."
-                               style={{caret-color:"transparent"}}
                              >
                              ...
                        ...
                          <div className="jsx-aaaec7...">
                            <div onClick={function onClick} style={{...}} className="jsx-aaaec7...">
                              <div className="jsx-aaaec7...">
                                <div>
                                <div className="jsx-aaaec7...">
                                  <div onClick={function onClick} className="jsx-aaaec7...">
                                    <input
                                      type="text"
                                      value=""
                                      onChange={function onChange}
                                      placeholder="Player 1"
                                      maxLength={12}
                                      title="Click to edit player name"
                                      className="jsx-aaaec773f88e83a3 w-[16.5vmin] rounded-[0.9vmin] border-[0.25vmin]..."
-                                     style={{caret-color:"transparent"}}
                                    >
                                    ...
                              ...
                            <div onClick={function onClick} style={{...}} className="jsx-aaaec7...">
                              <div className="jsx-aaaec7...">
                                <div>
                                <div className="jsx-aaaec7...">
                                  <div onClick={function onClick} className="jsx-aaaec7...">
                                    <input
                                      type="text"
                                      value=""
                                      onChange={function onChange}
                                      placeholder="Player 2"
                                      maxLength={12}
                                      title="Click to edit player name"
                                      className="jsx-aaaec773f88e83a3 w-[16.5vmin] rounded-[0.9vmin] border-[0.25vmin]..."
-                                     style={{caret-color:"transparent"}}
                                    >
                                    ...
                              ...
                ...
              ...
 
[browser] THREE.Clock: This module has been deprecated. Please use THREE.Timer instead.
[browser] THREE.WebGLShadowMap: PCFSoftShadowMap has been deprecated. Using PCFShadowMap instead.
[browser] THREE.Clock: This module has been deprecated. Please use THREE.Timer instead.
[browser] THREE.WebGLShadowMap: PCFSoftShadowMap has been deprecated. Using PCFShadowMap instead.
[browser] THREE.WebGLShadowMap: PCFSoftShadowMap has been deprecated. Using PCFShadowMap instead.
[browser] THREE.WebGLShadowMap: PCFSoftShadowMap has been deprecated. Using PCFShadowMap instead.
[browser] THREE.WebGLShadowMap: PCFSoftShadowMap has been deprecated. Using PCFShadowMap instead.
[browser] THREE.WebGLShadowMap: PCFSoftShadowMap has been deprecated. Using PCFShadowMap instead.
[browser] THREE.WebGLShadowMap: PCFSoftShadowMap has been deprecated. Using PCFShadowMap instead.
[browser] THREE.WebGLShadowMap: PCFSoftShadowMap has been deprecated. Using PCFShadowMap instead.
[browser] THREE.WebGLShadowMap: PCFSoftShadowMap has been deprecated. Using PCFShadowMap instead.
[browser] THREE.WebGLShadowMap: PCFSoftShadowMap has been deprecated. Using PCFShadowMap instead.
[browser] THREE.WebGLShadowMap: PCFSoftShadowMap has been deprecated. Using PCFShadowMap instead.
[browser] THREE.WebGLShadowMap: PCFSoftShadowMap has been deprecated. Using PCFShadowMap instead.
[browser] THREE.WebGLShadowMap: PCFSoftShadowMap has been deprecated. Using PCFShadowMap instead.
[browser] THREE.WebGLShadowMap: PCFSoftShadowMap has been deprecated. Using PCFShadowMap instead.
[browser] THREE.WebGLShadowMap: PCFSoftShadowMap has been deprecated. Using PCFShadowMap instead.
[browser] THREE.WebGLShadowMap: PCFSoftShadowMap has been deprecated. Using PCFShadowMap instead.
[browser] THREE.WebGLShadowMap: PCFSoftShadowMap has been deprecated. Using PCFShadowMap instead.
[browser] THREE.WebGLShadowMap: PCFSoftShadowMap has been deprecated. Using PCFShadowMap instead.
[browser] THREE.WebGLShadowMap: PCFSoftShadowMap has been deprecated. Using PCFShadowMap instead.
[browser] THREE.WebGLShadowMap: PCFSoftShadowMap has been deprecated. Using PCFShadowMap instead.
[browser] THREE.WebGLShadowMap: PCFSoftShadowMap has been deprecated. Using PCFShadowMap instead.
[browser] THREE.WebGLShadowMap: PCFSoftShadowMap has been deprecated. Using PCFShadowMap instead.
[browser] THREE.WebGLShadowMap: PCFSoftShadowMap has been deprecated. Using PCFShadowMap instead.
[browser] THREE.WebGLShadowMap: PCFSoftShadowMap has been deprecated. Using PCFShadowMap instead.
[browser] THREE.WebGLShadowMap: PCFSoftShadowMap has been deprecated. Using PCFShadowMap instead.
