▲ Next.js 16.3.2 (webpack)
- Local:         http://localhost:3000
- Network:       http://0.0.0.0:3000
✓ Ready in 1960ms
✓ Running next.config.ts took 501ms
  Skipping creating a lockfile at C:\Users\saksh\OneDrive\Desktop\monopoly-\frontend\.next\dev\lock because we're using WASM bindings

○ Compiling / ...
 GET / 200 in 13.0s (next.js: 11.3s, application-code: 1614ms)
 GET / 200 in 204ms (next.js: 17ms, application-code: 187ms)
 GET / 200 in 263ms (next.js: 31ms, application-code: 233ms)
 GET / 200 in 238ms (next.js: 17ms, application-code: 221ms)
 GET / 200 in 240ms (next.js: 16ms, application-code: 224ms)
 GET / 200 in 246ms (next.js: 22ms, application-code: 224ms)
 GET / 200 in 229ms (next.js: 11ms, application-code: 218ms)
 GET / 200 in 197ms (next.js: 10ms, application-code: 187ms)
 GET / 200 in 344ms (next.js: 14ms, application-code: 330ms)
 GET / 200 in 590ms (next.js: 386ms, application-code: 204ms)
 GET / 200 in 499ms (next.js: 379ms, application-code: 121ms)
 GET / 200 in 432ms (next.js: 319ms, application-code: 113ms)
 GET / 200 in 342ms (next.js: 258ms, application-code: 84ms)
 GET / 200 in 409ms (next.js: 296ms, application-code: 113ms)
 GET / 200 in 1493ms (next.js: 10ms, application-code: 1483ms)
 GET / 200 in 292ms (next.js: 22ms, application-code: 269ms)
 GET / 200 in 172ms (next.js: 9ms, application-code: 163ms)
 GET / 200 in 431ms (next.js: 340ms, application-code: 91ms)
 GET / 200 in 409ms (next.js: 339ms, application-code: 70ms)
 GET / 200 in 342ms (next.js: 226ms, application-code: 116ms)
 GET / 200 in 352ms (next.js: 268ms, application-code: 84ms)
 GET / 200 in 1528ms (next.js: 8ms, application-code: 1520ms)
 GET / 200 in 358ms (next.js: 24ms, application-code: 334ms)
 GET / 200 in 467ms (next.js: 350ms, application-code: 117ms)
 GET / 200 in 262ms (next.js: 188ms, application-code: 74ms)
 GET / 200 in 1500ms (next.js: 10ms, application-code: 1489ms)
 GET / 200 in 178ms (next.js: 11ms, application-code: 166ms)
 GET / 200 in 577ms (next.js: 439ms, application-code: 138ms)
 GET / 200 in 368ms (next.js: 278ms, application-code: 91ms)
 GET / 200 in 244ms (next.js: 168ms, application-code: 77ms)
 GET / 200 in 286ms (next.js: 218ms, application-code: 68ms)
 GET / 200 in 322ms (next.js: 241ms, application-code: 82ms)
 GET / 200 in 393ms (next.js: 280ms, application-code: 113ms)
 GET / 200 in 312ms (next.js: 234ms, application-code: 77ms)
 GET / 200 in 460ms (next.js: 384ms, application-code: 76ms)
 GET / 200 in 245ms (next.js: 172ms, application-code: 73ms)
 GET / 200 in 310ms (next.js: 222ms, application-code: 89ms)
 GET / 200 in 153ms (next.js: 93ms, application-code: 60ms)
 GET / 200 in 247ms (next.js: 189ms, application-code: 58ms)
 GET / 200 in 237ms (next.js: 170ms, application-code: 66ms)
 GET / 200 in 270ms (next.js: 144ms, application-code: 126ms)
 GET / 200 in 198ms (next.js: 131ms, application-code: 66ms)
 GET / 200 in 293ms (next.js: 222ms, application-code: 71ms)
 GET / 200 in 592ms (next.js: 243ms, application-code: 349ms)
 GET / 200 in 252ms (next.js: 187ms, application-code: 66ms)
 GET / 200 in 241ms (next.js: 179ms, application-code: 62ms)
 GET / 200 in 260ms (next.js: 175ms, application-code: 85ms)
 GET / 200 in 369ms (next.js: 296ms, application-code: 73ms)
 GET / 200 in 378ms (next.js: 263ms, application-code: 115ms)
